interactions:
- request:
    body: !!python/unicode 'mail_host=example.com'
    headers:
      accept-encoding: ['gzip, deflate']
      !!python/unicode 'content-type': [!!python/unicode 'application/x-www-form-urlencoded']
    method: !!python/unicode 'POST'
    uri: http://localhost:9001/3.0/domains
  response:
    body: {string: !!python/unicode ''}
    headers:
      content-length: ['0']
      content-type: [application/json; charset=UTF-8]
      location: ['http://localhost:9001/3.0/domains/example.com']
    status: {code: 201, message: Created}
- request:
    body: null
    headers:
      accept-encoding: ['gzip, deflate']
    method: !!python/unicode 'GET'
    uri: http://localhost:9001/3.0/domains/example.com
  response:
    body: {string: !!python/unicode '{"description": null, "http_etag": "\"d150abd34fabbcef42a2c654bfac81aa04ea4d6f\"",
        "mail_host": "example.com", "self_link": "http://localhost:9001/3.0/domains/example.com"}'}
    headers:
      content-length: ['172']
      content-type: [application/json; charset=UTF-8]
    status: {code: 200, message: OK}
- request:
    body: !!python/unicode 'fqdn_listname=foo%40example.com'
    headers:
      accept-encoding: ['gzip, deflate']
      !!python/unicode 'content-type': [!!python/unicode 'application/x-www-form-urlencoded']
    method: !!python/unicode 'POST'
    uri: http://localhost:9001/3.0/lists
  response:
    body: {string: !!python/unicode ''}
    headers:
      content-length: ['0']
      content-type: [application/json; charset=UTF-8]
      location: ['http://localhost:9001/3.0/lists/foo.example.com']
    status: {code: 201, message: Created}
- request:
    body: null
    headers:
      accept-encoding: ['gzip, deflate']
    method: !!python/unicode 'GET'
    uri: http://localhost:9001/3.0/lists/foo.example.com
  response:
    body: {string: !!python/unicode '{"display_name": "Foo", "fqdn_listname": "foo@example.com",
        "http_etag": "\"698a819bbb6b902096a8c5543cc7fac2328960d5\"", "list_id": "foo.example.com",
        "list_name": "foo", "mail_host": "example.com", "member_count": 0, "self_link":
        "http://localhost:9001/3.0/lists/foo.example.com", "volume": 1}'}
    headers:
      content-length: ['294']
      content-type: [application/json; charset=UTF-8]
    status: {code: 200, message: OK}
- request:
    body: !!python/unicode 'display_name=None&list_id=foo.example.com&pre_approved=True&pre_confirmed=True&pre_verified=True&subscriber=member-1%40example.com'
    headers:
      accept-encoding: ['gzip, deflate']
      !!python/unicode 'content-type': [!!python/unicode 'application/x-www-form-urlencoded']
    method: !!python/unicode 'POST'
    uri: http://localhost:9001/3.0/members
  response:
    body: {string: !!python/unicode ''}
    headers:
      content-length: ['0']
      content-type: [application/json; charset=UTF-8]
      location: ['http://localhost:9001/3.0/members/5538']
    status: {code: 201, message: Created}
- request:
    body: !!python/unicode 'display_name=None&list_id=foo.example.com&pre_approved=True&pre_confirmed=True&pre_verified=True&subscriber=member-2%40example.com'
    headers:
      accept-encoding: ['gzip, deflate']
      !!python/unicode 'content-type': [!!python/unicode 'application/x-www-form-urlencoded']
    method: !!python/unicode 'POST'
    uri: http://localhost:9001/3.0/members
  response:
    body: {string: !!python/unicode ''}
    headers:
      content-length: ['0']
      content-type: [application/json; charset=UTF-8]
      location: ['http://localhost:9001/3.0/members/5539']
    status: {code: 201, message: Created}
- request:
    body: null
    headers:
      accept-encoding: ['gzip, deflate']
    method: !!python/unicode 'GET'
    uri: http://localhost:9001/3.0/lists/foo@example.com
  response:
    body: {string: !!python/unicode '{"display_name": "Foo", "fqdn_listname": "foo@example.com",
        "http_etag": "\"4d9bc85dd33a55faefff3ccbbf04ab14a6889a98\"", "list_id": "foo.example.com",
        "list_name": "foo", "mail_host": "example.com", "member_count": 2, "self_link":
        "http://localhost:9001/3.0/lists/foo.example.com", "volume": 1}'}
    headers:
      content-length: ['294']
      content-type: [application/json; charset=UTF-8]
    status: {code: 200, message: OK}
- request:
    body: null
    headers:
      accept-encoding: ['gzip, deflate']
    method: !!python/unicode 'GET'
    uri: http://localhost:9001/3.0/lists/foo@example.com/roster/member?count=0&page=1
  response:
    body: {string: !!python/unicode '{"http_etag": "\"f14dfdb06627a6336a504885e036239a5b208434\"",
        "start": 0, "total_size": 2}'}
    headers:
      content-length: ['90']
      content-type: [application/json; charset=UTF-8]
    status: {code: 200, message: OK}
- request:
    body: null
    headers:
      accept-encoding: ['gzip, deflate']
    method: !!python/unicode 'GET'
    uri: http://localhost:9001/3.0/lists/foo@example.com/roster/member?count=25&page=1
  response:
    body: {string: !!python/unicode '{"entries": [{"address": "http://localhost:9001/3.0/addresses/member-1@example.com",
        "delivery_mode": "regular", "email": "member-1@example.com", "http_etag":
        "\"b14963ec92021b5a625825168e0bf49568129e33\"", "list_id": "foo.example.com",
        "member_id": 5538, "role": "member", "self_link": "http://localhost:9001/3.0/members/5538",
        "user": "http://localhost:9001/3.0/users/3646"}, {"address": "http://localhost:9001/3.0/addresses/member-2@example.com",
        "delivery_mode": "regular", "email": "member-2@example.com", "http_etag":
        "\"80b4d0e39f2cf3ea3dd997b009cfa11100279e21\"", "list_id": "foo.example.com",
        "member_id": 5539, "role": "member", "self_link": "http://localhost:9001/3.0/members/5539",
        "user": "http://localhost:9001/3.0/users/3647"}], "http_etag": "\"6fe335188298f5110d01a94d4920996a27a29003\"",
        "start": 0, "total_size": 2}'}
    headers:
      content-length: ['833']
      content-type: [application/json; charset=UTF-8]
    status: {code: 200, message: OK}
- request:
    body: null
    headers:
      accept-encoding: ['gzip, deflate']
    method: !!python/unicode 'GET'
    uri: http://localhost:9001/3.0/members/5538
  response:
    body: {string: !!python/unicode '{"address": "http://localhost:9001/3.0/addresses/member-1@example.com",
        "delivery_mode": "regular", "email": "member-1@example.com", "http_etag":
        "\"b14963ec92021b5a625825168e0bf49568129e33\"", "list_id": "foo.example.com",
        "member_id": 5538, "role": "member", "self_link": "http://localhost:9001/3.0/members/5538",
        "user": "http://localhost:9001/3.0/users/3646"}'}
    headers:
      content-length: ['363']
      content-type: [application/json; charset=UTF-8]
    status: {code: 200, message: OK}
- request:
    body: null
    headers:
      accept-encoding: ['gzip, deflate']
    method: !!python/unicode 'GET'
    uri: http://localhost:9001/3.0/members/5539
  response:
    body: {string: !!python/unicode '{"address": "http://localhost:9001/3.0/addresses/member-2@example.com",
        "delivery_mode": "regular", "email": "member-2@example.com", "http_etag":
        "\"80b4d0e39f2cf3ea3dd997b009cfa11100279e21\"", "list_id": "foo.example.com",
        "member_id": 5539, "role": "member", "self_link": "http://localhost:9001/3.0/members/5539",
        "user": "http://localhost:9001/3.0/users/3647"}'}
    headers:
      content-length: ['363']
      content-type: [application/json; charset=UTF-8]
    status: {code: 200, message: OK}
- request:
    body: null
    headers:
      accept-encoding: ['gzip, deflate']
    method: !!python/unicode 'DELETE'
    uri: http://localhost:9001/3.0/lists/foo.example.com
  response:
    body: {string: !!python/unicode ''}
    headers:
      content-length: ['0']
    status: {code: 204, message: No Content}
- request:
    body: null
    headers:
      accept-encoding: ['gzip, deflate']
    method: !!python/unicode 'DELETE'
    uri: http://localhost:9001/3.0/domains/example.com
  response:
    body: {string: !!python/unicode ''}
    headers:
      content-length: ['0']
    status: {code: 204, message: No Content}
version: 1
