interactions:
- request:
    body: !!python/unicode 'mail_host=example.com'
    headers:
      accept-encoding: ['gzip, deflate']
      !!python/unicode 'content-type': [!!python/unicode 'application/x-www-form-urlencoded']
    method: !!python/unicode 'POST'
    uri: http://localhost:9001/3.0/domains
  response:
    body: {string: !!python/unicode ''}
    headers:
      content-length: ['0']
      content-type: [application/json; charset=UTF-8]
      location: ['http://localhost:9001/3.0/domains/example.com']
    status: {code: 201, message: Created}
- request:
    body: null
    headers:
      accept-encoding: ['gzip, deflate']
    method: !!python/unicode 'GET'
    uri: http://localhost:9001/3.0/domains/example.com
  response:
    body: {string: !!python/unicode '{"description": null, "http_etag": "\"d150abd34fabbcef42a2c654bfac81aa04ea4d6f\"",
        "mail_host": "example.com", "self_link": "http://localhost:9001/3.0/domains/example.com"}'}
    headers:
      content-length: ['172']
      content-type: [application/json; charset=UTF-8]
    status: {code: 200, message: OK}
- request:
    body: !!python/unicode 'fqdn_listname=foo%40example.com'
    headers:
      accept-encoding: ['gzip, deflate']
      !!python/unicode 'content-type': [!!python/unicode 'application/x-www-form-urlencoded']
    method: !!python/unicode 'POST'
    uri: http://localhost:9001/3.0/lists
  response:
    body: {string: !!python/unicode ''}
    headers:
      content-length: ['0']
      content-type: [application/json; charset=UTF-8]
      location: ['http://localhost:9001/3.0/lists/foo.example.com']
    status: {code: 201, message: Created}
- request:
    body: null
    headers:
      accept-encoding: ['gzip, deflate']
    method: !!python/unicode 'GET'
    uri: http://localhost:9001/3.0/lists/foo.example.com
  response:
    body: {string: !!python/unicode '{"display_name": "Foo", "fqdn_listname": "foo@example.com",
        "http_etag": "\"698a819bbb6b902096a8c5543cc7fac2328960d5\"", "list_id": "foo.example.com",
        "list_name": "foo", "mail_host": "example.com", "member_count": 0, "self_link":
        "http://localhost:9001/3.0/lists/foo.example.com", "volume": 1}'}
    headers:
      content-length: ['294']
      content-type: [application/json; charset=UTF-8]
    status: {code: 200, message: OK}
- request:
    body: !!python/unicode 'list_id=foo.example.com&role=owner&subscriber=owner%40example.com'
    headers:
      accept-encoding: ['gzip, deflate']
      !!python/unicode 'content-type': [!!python/unicode 'application/x-www-form-urlencoded']
    method: !!python/unicode 'POST'
    uri: http://localhost:9001/3.0/members
  response:
    body: {string: !!python/unicode ''}
    headers:
      content-length: ['0']
      content-type: [application/json; charset=UTF-8]
      location: ['http://localhost:9001/3.0/members/5648']
    status: {code: 201, message: Created}
- request:
    body: !!python/unicode 'list_id=foo.example.com&role=moderator&subscriber=moderator%40example.com'
    headers:
      accept-encoding: ['gzip, deflate']
      !!python/unicode 'content-type': [!!python/unicode 'application/x-www-form-urlencoded']
    method: !!python/unicode 'POST'
    uri: http://localhost:9001/3.0/members
  response:
    body: {string: !!python/unicode ''}
    headers:
      content-length: ['0']
      content-type: [application/json; charset=UTF-8]
      location: ['http://localhost:9001/3.0/members/5649']
    status: {code: 201, message: Created}
- request:
    body: !!python/unicode 'email=test%40example.com'
    headers:
      accept-encoding: ['gzip, deflate']
      !!python/unicode 'content-type': [!!python/unicode 'application/x-www-form-urlencoded']
    method: !!python/unicode 'POST'
    uri: http://localhost:9001/3.0/users
  response:
    body: {string: !!python/unicode ''}
    headers:
      content-length: ['0']
      content-type: [application/json; charset=UTF-8]
      location: ['http://localhost:9001/3.0/users/3772']
    status: {code: 201, message: Created}
- request:
    body: null
    headers:
      accept-encoding: ['gzip, deflate']
    method: !!python/unicode 'GET'
    uri: http://localhost:9001/3.0/users/3772
  response:
    body: {string: !!python/unicode '{"created_on": "2005-08-01T07:49:23", "http_etag":
        "\"0996a4175e7e1ee9f51b93aee7ab526cfc1c2773\"", "is_server_owner": false,
        "password": "$6$rounds=656000$bc7kxLQU2iGKuQyK$.0UFsypJCcIk0i1FTxRzlZYeRMLKYd.GLrID.PrCPVnHQ25r3Lr1zzvi3JkjtXSk0/3Yvav8tn0AX8cfKIxfK/",
        "self_link": "http://localhost:9001/3.0/users/3772", "user_id": 3772}'}
    headers:
      content-length: ['330']
      content-type: [application/json; charset=UTF-8]
    status: {code: 200, message: OK}
- request:
    body: null
    headers:
      accept-encoding: ['gzip, deflate']
    method: !!python/unicode 'GET'
    uri: http://localhost:9001/3.0/users/3772/addresses
  response:
    body: {string: !!python/unicode '{"entries": [{"email": "test@example.com", "http_etag":
        "\"95f056ac545ab30e9d69f17e9143447bf9c3fdf3\"", "original_email": "test@example.com",
        "registered_on": "2005-08-01T07:49:23", "self_link": "http://localhost:9001/3.0/addresses/test@example.com",
        "user": "http://localhost:9001/3.0/users/3772"}], "http_etag": "\"085c71e5f8751b513347780f2b31481b082506da\"",
        "start": 0, "total_size": 1}'}
    headers:
      content-length: ['390']
      content-type: [application/json; charset=UTF-8]
    status: {code: 200, message: OK}
- request:
    body: null
    headers:
      accept-encoding: ['gzip, deflate']
    method: !!python/unicode 'POST'
    uri: http://localhost:9001/3.0/addresses/test@example.com/verify
  response:
    body: {string: !!python/unicode ''}
    headers:
      content-length: ['0']
    status: {code: 204, message: No Content}
- request:
    body: !!python/unicode 'display_name=None&list_id=foo.example.com&pre_approved=True&pre_confirmed=True&pre_verified=True&subscriber=test%40example.com'
    headers:
      accept-encoding: ['gzip, deflate']
      !!python/unicode 'content-type': [!!python/unicode 'application/x-www-form-urlencoded']
    method: !!python/unicode 'POST'
    uri: http://localhost:9001/3.0/members
  response:
    body: {string: !!python/unicode ''}
    headers:
      content-length: ['0']
      content-type: [application/json; charset=UTF-8]
      location: ['http://localhost:9001/3.0/members/5650']
    status: {code: 201, message: Created}
- request:
    body: null
    headers:
      accept-encoding: ['gzip, deflate']
    method: !!python/unicode 'GET'
    uri: http://localhost:9001/3.0/domains
  response:
    body: {string: !!python/unicode '{"entries": [{"description": null, "http_etag":
        "\"d150abd34fabbcef42a2c654bfac81aa04ea4d6f\"", "mail_host": "example.com",
        "self_link": "http://localhost:9001/3.0/domains/example.com"}], "http_etag":
        "\"2ec9679269ad1f741705a62db0162f5585ae5c3c\"", "start": 0, "total_size":
        1}'}
    headers:
      content-length: ['277']
      content-type: [application/json; charset=UTF-8]
    status: {code: 200, message: OK}
- request:
    body: null
    headers:
      accept-encoding: ['gzip, deflate']
    method: !!python/unicode 'DELETE'
    uri: http://localhost:9001/3.0/domains/example.com
  response:
    body: {string: !!python/unicode ''}
    headers:
      content-length: ['0']
    status: {code: 204, message: No Content}
- request:
    body: null
    headers:
      accept-encoding: ['gzip, deflate']
    method: !!python/unicode 'GET'
    uri: http://localhost:9001/3.0/users
  response:
    body: {string: !!python/unicode '{"entries": [{"created_on": "2005-08-01T07:49:23",
        "http_etag": "\"daea26c61536b7d7e1eaed193546e52226911c86\"", "is_server_owner":
        false, "self_link": "http://localhost:9001/3.0/users/3770", "user_id": 3770},
        {"created_on": "2005-08-01T07:49:23", "http_etag": "\"8f408913c6663a1a31d020080796f6597ee2227c\"",
        "is_server_owner": false, "self_link": "http://localhost:9001/3.0/users/3771",
        "user_id": 3771}, {"created_on": "2005-08-01T07:49:23", "http_etag": "\"0996a4175e7e1ee9f51b93aee7ab526cfc1c2773\"",
        "is_server_owner": false, "password": "$6$rounds=656000$bc7kxLQU2iGKuQyK$.0UFsypJCcIk0i1FTxRzlZYeRMLKYd.GLrID.PrCPVnHQ25r3Lr1zzvi3JkjtXSk0/3Yvav8tn0AX8cfKIxfK/",
        "self_link": "http://localhost:9001/3.0/users/3772", "user_id": 3772}], "http_etag":
        "\"49a2269c09b31d370aaa19247c7673fa1e10a090\"", "start": 0, "total_size":
        3}'}
    headers:
      content-length: ['827']
      content-type: [application/json; charset=UTF-8]
    status: {code: 200, message: OK}
- request:
    body: null
    headers:
      accept-encoding: ['gzip, deflate']
    method: !!python/unicode 'DELETE'
    uri: http://localhost:9001/3.0/users/3770
  response:
    body: {string: !!python/unicode ''}
    headers:
      content-length: ['0']
    status: {code: 204, message: No Content}
- request:
    body: null
    headers:
      accept-encoding: ['gzip, deflate']
    method: !!python/unicode 'DELETE'
    uri: http://localhost:9001/3.0/users/3771
  response:
    body: {string: !!python/unicode ''}
    headers:
      content-length: ['0']
    status: {code: 204, message: No Content}
- request:
    body: null
    headers:
      accept-encoding: ['gzip, deflate']
    method: !!python/unicode 'DELETE'
    uri: http://localhost:9001/3.0/users/3772
  response:
    body: {string: !!python/unicode ''}
    headers:
      content-length: ['0']
    status: {code: 204, message: No Content}
version: 1
